
g1 cycles =
cycle 0: 1, 3, 2
cycle 1: 2, 4, 3
cycles1 = { 3 -> 2 } (cycles to no cycles)

g1' cycles =

g2 cycles =
cycle 0: 1, 2, 3
cycle 1: 1, 2, 4, 8, 6, 7, 5, 3
cycle 2: 1, 2, 4, 8, 7, 5, 3
cycle 3: 5, 6, 7
cycles2 = { 7 -> 5, 3 -> 1 } (cycles to no cycles)

g2' cycles =

g3 cycles =
cycle 0: 1, 2, 6, 4, 3
cycle 1: 1, 5, 3
cycle 2: 1, 5, 6, 4, 3
cycle 3: 2, 6, 4
cycles3 = { 4 -> 2, 3 -> 1 } (cycles to no cycles)

g3' cycles =

cycle_5 cycles =
cycle 0: 0, 1, 2, 3, 4

cycle_10 cycles =
cycle 0: 0, 1, 2, 3, 4, 5, 6, 7, 8, 9
|full_5| = 84
|full_5 (with self loops)| = 89
|full_6| = 409
|grid_5,5| = 0
