[ ] : false
[ 1 ] : true
[ 2 1 ] : true
[ 2 5 4 ] : true
[ 2 3 4 ] : true
[ 9 11 10 ] : true
[ 2 14 7 12 11 9 6 ] : true
[ ] : false
