[ ]
[ 1 ]
[ 1 ]
[ 2 1 ]
[ ]
[ 2 5 4 ]
[ 2 3 4 ]
[ 9 11 10 ]
[ 2 14 7 12 11 9 6 ]
[ ]
